<!DOCTYPE html>
<html xmlns:th="http://www.thymeleaf.org" lang="en">

<head th:replace="layout/base::head"></head>

<body>

    <!--*******************
        Preloader start
    ********************-->
    <div th:replace="layout/base::preloader" id="preloader"></div>
    <!--*******************
        Preloader end
    ********************-->


    <!--**********************************
        Main wrapper start
    ***********************************-->
    <div id="main-wrapper">

        <!--**********************************
            Nav header start
        ***********************************-->
        <div th:replace="layout/base::logo" class="nav-header"></div>
        <!--**********************************
            Nav header end
        ***********************************-->
		
        <!--**********************************
            Header start
        ***********************************-->
        <div th:replace="layout/base::nav" class="header"></div>
        <!--**********************************
            Header end ti-comment-alt
        ***********************************-->

        <!--**********************************
            Sidebar start
        ***********************************-->
        <div th:replace="layout/base::menu" class="deznav"> </div>
        <!--**********************************
            Sidebar end
        ***********************************-->

        <!--**********************************
            Content body start
        ***********************************-->
        <!-- AQUI -->
        <!-- Marcos estuvo aqui -->
        <!--**********************************
            Content body end
        ***********************************-->


        <!--**********************************
            Footer start
        ***********************************-->
        <div th:replace="layout/base::footer" class="footer"></div>
        <!--**********************************
            Footer end
        ***********************************-->

        <!--**********************************
           Support ticket button start
        ***********************************-->

        <!--**********************************
           Support ticket button end
        ***********************************-->

        
    </div>
    <!--**********************************
        Main wrapper end
    ***********************************-->

    <!--**********************************
        Scripts
    ***********************************-->
    <!-- Required vendors -->
    <div th:replace="layout/base::script"></div>

</body>

</html>