<!DOCTYPE html>
<html xmlns:th="http://www.thymeleaf.org" lang="en">

<head th:fragment="head">
    <meta charset="utf-8">
    <meta http-equiv="X-UA-Compatible" content="IE=edge">
    <meta name="viewport" content="width=device-width,initial-scale=1">
    <title>Golden</title>
    <!-- Favicon icon -->
    <link rel="icon" type="image/png" sizes="16x16" th:href="@{/img/favicon.png}">
    <link rel="stylesheet" th:href="@{/vendor/chartist/css/chartist.min.css}">
    <link th:href="@{/vendor/bootstrap-select/dist/css/bootstrap-select.min.css}" rel="stylesheet">
    <link th:href="@{/vendor/owl-carousel/owl.carousel.css}" rel="stylesheet">
    <link th:href="@{/vendor/fullcalendar/css/fullcalendar.min.css}" rel="stylesheet">
    <link th:href="@{/css/style.css}" rel="stylesheet">
    <!-- Datatable -->
    <link th:href="@{/vendor/datatables/css/jquery.dataTables.min.css}" rel="stylesheet">
    <script src="https://kit.fontawesome.com/6131ecdde6.js" crossorigin="anonymous"></script>
    <link
        href="https://fonts.googleapis.com/css2?family=Poppins:wght@100;200;300;400;500;600;700;800;900&family=Roboto:wght@100;300;400;500;700;900&display=swap"
        rel="stylesheet">
</head>

<body>

    <!--*******************
        Preloader start
    ********************-->
    <div th:fragment="preloader" id="preloader">
        <div class="sk-three-bounce">
            <div class="sk-child sk-bounce1"></div>
            <div class="sk-child sk-bounce2"></div>
            <div class="sk-child sk-bounce3"></div>
        </div>
    </div>
    <!--*******************
        Preloader end
    ********************-->

    <!--**********************************
        Main wrapper start
    ***********************************-->
    <div id="main-wrapper">

        <!--**********************************
            Nav header start
        ***********************************-->
        <div th:fragment="logo" class="nav-header">
            <a th:href="@{/menu}" class="brand-logo">
                <img class="logo-abbr" th:src="@{/img/logo/lgol.png}">
                <img class="logo-compact" th:src="@{/img/logotext.png}">
                <img class="brand-title" th:src="@{/img/logotext.png}">
            </a>

            <div class="nav-control">
                <div class="hamburger">
                    <span class="line"></span><span class="line"></span><span class="line"></span>
                </div>
            </div>
        </div>
        <!--**********************************
            Nav header end
        ***********************************-->


        <!--**********************************
            Header start
        ***********************************-->
        <div th:fragment="nav" class="header">
            <div class="header-content">
                <nav class="navbar navbar-expand">
                    <div class="collapse navbar-collapse justify-content-between">
                        <div class="header-left">
                            <div class="dashboard_bar">
                                Bienvenido/a <span th:if="${session.empleado !=null}" th:text="${session.empleado.nombreEmpleado}"></span>
                                <span sec:authentication="principal.authorities"></span>
                            </div>
                        </div>
                        <ul class="navbar-nav header-right">
                            <li class="nav-item dropdown header-profile">
                                <a class="nav-link" href="javascript:void(0)" role="button" data-toggle="dropdown">
                                    <img th:src="@{/img/profile/profile.jpg}" width="20" alt="" />
                                    <!-- <div class="header-info">
										<span class="text-black"><strong>Brian Lee</strong></span>
										<p class="fs-12 mb-0">Admin</p>
									</div> -->
                                </a>
                                <div class="dropdown-menu dropdown-menu-right">
                                    <a th:href="@{/login}" class="dropdown-item ai-icon">
                                        <svg id="icon-logout" xmlns="http://www.w3.org/2000/svg" class="text-danger"
                                            width="18" height="18" viewBox="0 0 24 24" fill="none" stroke="currentColor"
                                            stroke-width="2" stroke-linecap="round" stroke-linejoin="round">
                                            <path d="M9 21H5a2 2 0 0 1-2-2V5a2 2 0 0 1 2-2h4"></path>
                                            <polyline points="16 17 21 12 16 7"></polyline>
                                            <line x1="21" y1="12" x2="9" y2="12"></line>
                                        </svg>
                                        <span class="ml-2">
                                            <form th:action="@{/logout}" method="post">
                                                <button type="submit">Cerrar Sesión</button>
                                            </form>
                                        </span>
                                    </a>
                                </div>
                            </li>
                        </ul>
                    </div>
                </nav>
            </div>
        </div>
        <!--**********************************
            Header end ti-comment-alt
        ***********************************-->

        <!--**********************************
            Sidebar start
        ***********************************-->
        <div th:fragment="menu" class="deznav">
            <div class="deznav-scroll">
                <ul class="metismenu" id="menu">
                    <li><a class="has-arrow ai-icon" href="javascript:void()" aria-expanded="false">
                            <i class="flaticon-381-networking"></i>
                            <span class="nav-text">Inicio</span>
                        </a>
                        <ul aria-expanded="false">
                            <li><a th:href="@{menu}">Menú</a></li>
                            <li><a th:href="@{/calendario}">Calendario</a></li>
                        </ul>
                    </li>
                    <li><a th:href="@{/configuracion}" class="ai-icon" aria-expanded="false">
                            <i class="flaticon-381-settings-2"></i>
                            <span class="nav-text">Configuración</span>
                        </a>
                    </li>
                    <li sec:authorize="hasAnyAuthority('COACH')">
                        <a class="has-arrow ai-icon" href="javascript:void()" aria-expanded="false">
                            <i class="flaticon-381-notepad"></i>
                            <span class="nav-text">Formularios</span>
                        </a>
                        <ul aria-expanded="false">
                            <li>
                                <a th:href="@{/actividad/formA}">Actividad</a>
                            </li>
                            
                            <li>
                                <a th:href="@{/bitacora/formB}">Bitácora</a>
                            </li>
                            
                            <li><a th:href="@{/cargo/formC}">Cargo</a></li>
                            
                            <li>
                                <a th:href="@{/categoria/formCT}">Catégoria</a>
                            </li>
                            
                            <li><a th:href="@{/empleado/formE}">Empleado</a></li>
                            
                            <li>
                                <a th:href="@{/implemento/formI}">Implemento</a>
                            </li>
                        </ul>
                    </li>
                    <li><a class="has-arrow ai-icon" href="javascript:void()" aria-expanded="false">
                            <i class="flaticon-381-network"></i>
                            <span class="nav-text">Tablas</span>
                        </a>
                        <ul aria-expanded="false">
                            <li><a th:href="@{/actividad/tablaA}">Actividad</a></li>
                            <li><a th:href="@{/bitacora/tablaB}">Bitácora</a></li>
                            <li><a th:href="@{/cargo/tablaC}" sec:authorize="hasAnyAuthority('COACH')">Cargo</a></li>
                            <li><a th:href="@{/categoria/tablaCT}">Catégoria</a></li>
                            <li><a th:href="@{/empleado/tablaE}" sec:authorize="hasAnyAuthority('COACH')">Empleado</a></li>
                            <li><a th:href="@{/implemento/tablaI}">Implemento</a></li>
                        </ul>
                    </li>
                </ul>
            </div>
        </div>
        <!--**********************************
            Sidebar end
        ***********************************-->

        <!--**********************************
            Content body start
        ***********************************-->
        <div class="content-body">
            <!-- row -->
            <div class="container-fluid">
                
            </div>
        </div>
    </div>
    <!--**********************************
            Content body end
        ***********************************-->

    <!--**********************************
            Footer start
        ***********************************-->
    <div class="footer" th:fragment="footer">
        <div class="copyright">
            <p>Copyright &copy; 2022 - Derechos Reservados - LogBlog</p>
        </div>
    </div>
    <!--**********************************
            Footer end
        ***********************************-->

    <!--**********************************
           Support ticket button start
        ***********************************-->

    <!--**********************************
           Support ticket button end
        ***********************************-->


    </div>
    <!--**********************************
        Main wrapper end
    ***********************************-->

    <!--**********************************
        Scripts
    ***********************************-->
    <!-- Required vendors -->
    <div th:fragment="script">
        <script th:src="@{/vendor/global/global.min.js}"></script>
        <script th:src="@{/vendor/bootstrap-select/dist/js/bootstrap-select.min.js}"></script>
        <script th:src="@{/vendor/chart.js/Chart.bundle.min.js}"></script>
        <script th:src="@{/js/custom2.js}"></script>
        <script th:src="@{/js/deznav-init.js}"></script>
        <script th:src="@{/vendor/owl-carousel/owl.carousel.js}"></script>

        <!-- Datatable -->
        <script th:src="@{../vendor/datatables/js/jquery.dataTables.min.js}"></script>
        <script th:src="@{../js/plugins-init/datatables.init.js}"></script>


        <!-- Chart piety plugin files -->
        <script th:src="@{/vendor/peity/jquery.peity.min.js}"></script>

        <!-- Apex Chart -->
        <script th:src="@{/vendor/apexchart/apexchart.js}"></script>

        <!-- Dashboard 1 -->
        <script th:src="@{/js/dashboard/dashboard-1.js}"></script>


        <script th:src="@{/vendor/jqueryui/js/jquery-ui.min.js}"></script>
        <script th:src="@{/vendor/moment/moment.min.js}"></script>
    
        <script th:src="@{/vendor/fullcalendar/js/fullcalendar.min.js}"></script>
        <script th:src="@{/js/plugins-init/fullcalendar-init.js}"></script>

         <!-- Jquery Validation -->
        <script th:src="@{../vendor/jquery-validation/jquery.validate.min.js}"></script>
        <script th:src="@{../js/validaciones.js}"></script>
        <!-- Form validate init -->
        <script th:src="@{../js/plugins-init/jquery.validate-init.js}"></script>

        <!-- SELECT-MULTIPLE -->
        <script th:src="@{../js/bitacora.js}"></script> 
        
        <script>
            function carouselReview() {
                /*  event-bx one function by = owl.carousel.js */
                jQuery('.event-bx').owlCarousel({
                    loop: true,
                    margin: 30,
                    nav: true,
                    center: true,
                    autoplaySpeed: 3000,
                    navSpeed: 3000,
                    paginationSpeed: 3000,
                    slideSpeed: 3000,
                    smartSpeed: 3000,
                    autoplay: false,
                    navText: ['<i class="fa fa-caret-left" aria-hidden="true"></i>', '<i class="fa fa-caret-right" aria-hidden="true"></i>'],
                    dots: true,
                    responsive: {
                        0: {
                            items: 1
                        },
                        720: {
                            items: 2
                        },

                        1150: {
                            items: 3
                        },

                        1200: {
                            items: 2
                        },
                        1749: {
                            items: 3
                        }
                    }
                })
            }
            jQuery(window).on('load', function () {
                setTimeout(function () {
                    carouselReview();
                }, 1000);
            });
        </script>
    </div>
</body>

</html>