<!DOCTYPE html>
<html lang="es-Es">
<head>
    <meta charset="UTF-8">
    <meta http-equiv="X-UA-Compatible" content="IE=edge">
    <meta name="viewport" content="width=device-width, initial-scale=1.0">
    <link rel="stylesheet" th:href="@{../assets/css/estilosy.css}">
    <link href="https://cdn.jsdelivr.net/npm/bootstrap@5.2.1/dist/css/bootstrap.min.css" rel="stylesheet" integrity="sha384-iYQeCzEYFbKjA/T2uDLTpkwGzCiq6soy8tYaI1GyVh/UjpbCx/TYkiZhlZB6+fzT" crossorigin="anonymous">
    <script src="https://kit.fontawesome.com/b72f550c62.js" crossorigin="anonymous"></script>
    <title>FORM CATEGORIA</title>
</head>
<body>
    <nav class="navbar navbar-expand-lg">
      <div class="logo">
        <img th:src="@{/assets/img/logo/goldenhorizontal.png}">
      </div>

        <div class="collapse navbar-collapse" id="navbarSupportedContent">
            <ul class="navbar-nav mr-auto">
              <li class="nav-item active">
                <a class="nav-link" href="#">Home</a>
              </li>
              <li class="nav-item">
                <a class="nav-link" href="#">Link</a>
              </li>
            </ul>
        </div>
    </nav>

    <div class="contenedorbitF"> 
        <h1>Formulario Categoria</h1>   
        <form th:action="@{/categoria/add}" th:object="${categoria}" method="post" class="col s12">

            <div class="form-group row">
                <label for="edad" class="col-sm-2 col-form-label">Edad Categoria</label>
                <div class="col-sm-10">
                  <input type="text" class="form-control" id="edad" th:field="*{edadCategoria}" onkeypress="return solonumeros(event)" required minlength="1" maxlength="2">
                  <div class="form-text text-danger" th:if="${#fields.hasErrors('edadCategoria')}" th:errors="*{edadCategoria}"></div>
                </div>
              </div>


            <div class="form-group row">
                <label for="cantidad" class="col-sm-2 col-form-label">Cantidad Personas</label>
                <div class="col-sm-10">
                  <input type="number" class="form-control" id="cantidad" th:field="*{cantidadPersonas}" onkeypress="return solonumeros(event)" required minlength="1" maxlength="2">
                  <div class="form-text text-danger" th:if="${#fields.hasErrors('cantidadPersonas')}" th:errors="*{cantidadPersonas}"></div>
                </div>
              </div>

            <div class="form-group row">
                <label for="descripcion" class="col-sm-2 col-form-label">Descripción Categoria</label>
                <div class="col-sm-10">
                  <input type="text" class="form-control" id="descripcion" th:field="*{descripcionCategoria}" onkeypress="return sololetras(event)" required minlength="10" maxlength="20">
                  <div class="form-text text-danger" th:if="${#fields.hasErrors('descripcionCategoria')}" th:errors="*{descripcionCategoria}"></div>
                </div>
              </div>

              <div class="form-group row">
                <label for="estadoC" class="col-sm-2 col-form-label">Estado</label>
                <div class="col-sm-10">
                  <input type="text" class="form-control" id="estadoC" th:field="*{estadoCategoria}" onkeypress="return sololetras(event)" required minlength="5" maxlength="10">
                  <small id="estadoC" class="form-text text-muted">Ingrese si es Activa o Inactiva</small>
                  <div class="form-text text-danger" th:if="${#fields.hasErrors('estadoCategoria')}" th:errors="*{estadoCategoria}"></div>
                </div>
            </div> 
            
            <div class="guardarb"> 
                <button type="submit" class="btn btn-outline-dark">Guardar</button>
            </div>
        </form>        
    </div>       

    <div class="regresar">     
        <a th:href="@{/index}" class="btn btn-dark">Regresar</a>
    </div>

    <footer>
        <div>
            <h4 class="redess">Redes</h4>
            <p class="redess"><i class="fa-brands fa-instagram"></i> Goldenlions_2021</p>
            <p class="redess"><i class="fa-brands fa-square-facebook"></i> Golden_Lions</p>
        </div>
        
        <div>
            <h4 class="redess">Contactos</h4>
            <p class="redess"><i class="fa-solid fa-phone"></i> 30215187</p>
            <p class="redess"><i class="fa-solid fa-phone"></i> 3589212</p>
        </div>

        <div>
            <h4 class="redess">Ubicación</h4>
            <p class="redess"><i class="fa-solid fa-location-dot"></i> Santa Maria del Lago</p>
            <p class="redess"> Cl. 73 A 74a 1</p>
        </div>
    </footer>

    <footer>
      <div>
          <h4 class="redess">Redes</h4>
          <p class="redess"><i class="fa-brands fa-instagram"></i> Goldenlions_2021</p>
          <p class="redess"><i class="fa-brands fa-square-facebook"></i> Golden_Lions</p>
      </div>
      
      <div>
          <h4 class="redess">Contactos</h4>
          <p class="redess"><i class="fa-solid fa-phone"></i> 30215187</p>
          <p class="redess"><i class="fa-solid fa-phone"></i> 3589212</p>
      </div>

      <div>
          <h4 class="redess">Ubicación</h4>
          <p class="redess"><i class="fa-solid fa-location-dot"></i> Santa Maria del Lago</p>
          <p class="redess"> Cl. 73 A 74a 1</p>
      </div>
  </footer>

  <script th:src="@{/assets/js/validaciones.js}"></script>

</body>
</html>