<!DOCTYPE html>
<html xmlns:th="http://www.thymeleaf.org" lang="en">

<head th:replace="layout/base::head"></head>

<body>

    <!--*******************
        Preloader start
    ********************-->
    <div th:replace="layout/base::preloader" id="preloader"></div>
    <!--*******************
        Preloader end
    ********************-->


    <!--**********************************
        Main wrapper start
    ***********************************-->
    <div id="main-wrapper">

        <!--**********************************
            Nav header start
        ***********************************-->
        <div th:replace="layout/base::logo" class="nav-header"></div>
        <!--**********************************
            Nav header end
        ***********************************-->
		
        <!--**********************************
            Header start
        ***********************************-->
        <div th:replace="layout/base::nav" class="header"></div>
        <!--**********************************
            Header end ti-comment-alt
        ***********************************-->

        <!--**********************************
            Sidebar start
        ***********************************-->
        <div th:replace="layout/base::menu" class="deznav"> </div>
        <!--**********************************
            Sidebar end
        ***********************************-->

        <!--**********************************
            Content body start
        ***********************************-->
        <div class="content-body">
            <div class="container-fluid">
                <div class="page-titles">
				<ol class="breadcrumb">
					<li class="breadcrumb-item"><a href="javascript:void(0)">Inicio</a></li>
					<li class="breadcrumb-item active"><a href="javascript:void(0)">Calendario</a></li>
				</ol>
                </div>
                <!-- row -->


                <div class="row">
                    <div class="col-xl-9">
                        <div class="card">
                            <div class="card-body">
                                <div id="calendar" class="app-fullcalendar"></div>
                            </div>
                        </div>
                    </div>
                </div>

            </div>
        </div>
        <!--**********************************
            Content body end
        ***********************************-->


        <!--**********************************
            Footer start
        ***********************************-->
        <div th:replace="layout/base::footer" class="footer"></div>
        <!--**********************************
            Footer end
        ***********************************-->

        <!--**********************************
           Support ticket button start
        ***********************************-->

        <!--**********************************
           Support ticket button end
        ***********************************-->

        
    </div>
    <!--**********************************
        Main wrapper end
    ***********************************-->

    <!--**********************************
        Scripts
    ***********************************-->
    <!-- Required vendors -->
    <div th:replace="layout/base::script"></div>

</body>

</html>