<!DOCTYPE html>
<html xmlns:th="http://www.thymeleaf.org" lang="en">

<head>
    <meta charset="utf-8">
    <meta http-equiv="X-UA-Compatible" content="IE=edge">
    <meta name="viewport" content="width=device-width,initial-scale=1">
    <title>Table Bitácora</title>
    <!-- Favicon icon -->
    <link rel="icon" type="image/png" sizes="16x16" th:src="@{/img/favicon.png}">
    <!-- Datatable -->
    <link th:href="@{/vendor/datatables/css/jquery.dataTables.min.css}" rel="stylesheet">
    <!-- Custom Stylesheet -->
    <link th:href="@{/vendor/bootstrap-select/dist/css/bootstrap-select.min.css}" rel="stylesheet">
    <link th:href="@{/css/style.css}" rel="stylesheet">
	<link href="https://fonts.googleapis.com/css2?family=Poppins:wght@100;200;300;400;500;600;700;800;900&family=Roboto:wght@100;300;400;500;700;900&display=swap" rel="stylesheet">
</head>

<body>

    <!--*******************
        Preloader start
    ********************-->
    <div id="preloader">
        <div class="sk-three-bounce">
            <div class="sk-child sk-bounce1"></div>
            <div class="sk-child sk-bounce2"></div>
            <div class="sk-child sk-bounce3"></div>
        </div>
    </div>
    <!--*******************
        Preloader end
    ********************-->


    <!--**********************************
        Main wrapper start
    ***********************************-->
    <div id="main-wrapper">

        <!--**********************************
            Nav header start
        ***********************************-->
        <div class="nav-header">
            <a th:href="@{/menu}" class="brand-logo" >
                <img class="logo-abbr" th:src="@{img/logo/lgol.png}">
                <img class="logo-compact" th:src="@{img/logotext.png}">
                <img class="brand-title" th:src="@{img/logotext.png}">
            </a>

            <div class="nav-control">
                <div class="hamburger">
                    <span class="line"></span><span class="line"></span><span class="line"></span>
                </div>
            </div>
        </div>
        <!--**********************************
            Nav header end
        ***********************************-->
		
		<!--**********************************
            Header start
        ***********************************-->
        <div class="header">
            <div class="header-content">
                <nav class="navbar navbar-expand">
                    <div class="collapse navbar-collapse justify-content-between">
                        <div class="header-left">
                            <div class="dashboard_bar">
								Bitácora
                            </div>
                        </div>
                        <ul class="navbar-nav header-right">
                            <li class="nav-item dropdown header-profile">
                                <a class="nav-link" href="javascript:void(0)" role="button" data-toggle="dropdown">
                                    <img th:src="@{img/profile/profile.jpg}" width="20" alt=""/>
									<!-- <div class="header-info">
										<span class="text-black"><strong>Brian Lee</strong></span>
										<p class="fs-12 mb-0">Admin</p>
									</div> -->
                                </a>
                                <div class="dropdown-menu dropdown-menu-right">
                                    <a th:href="@{/login}" class="dropdown-item ai-icon">
                                        <svg id="icon-logout" xmlns="http://www.w3.org/2000/svg" class="text-danger" width="18" height="18" viewBox="0 0 24 24" fill="none" stroke="currentColor" stroke-width="2" stroke-linecap="round" stroke-linejoin="round"><path d="M9 21H5a2 2 0 0 1-2-2V5a2 2 0 0 1 2-2h4"></path><polyline points="16 17 21 12 16 7"></polyline><line x1="21" y1="12" x2="9" y2="12"></line></svg>
                                        <span class="ml-2">Cerrar Sesión</span>
                                    </a>
                                </div>
                            </li>
                        </ul>
                    </div>
                </nav>
            </div>
        </div>
        <!--**********************************
            Header end ti-comment-alt
        ***********************************-->

        <!--**********************************
            Sidebar start
        ***********************************-->
        <div class="deznav">
            <div class="deznav-scroll">
				<ul class="metismenu" id="menu">
                    <li><a class="has-arrow ai-icon" href="javascript:void()" aria-expanded="false">
							<i class="flaticon-381-networking"></i>
							<span class="nav-text">Inicio</span>
						</a>
                        <ul aria-expanded="false">
							<li><a th:href="@{/menu}">Menú</a></li>
                            <li><a th:href="@{/calendario}">Calendario</a></li>
						</ul>
                    </li>
                    <li><a th:href="@{/configuracion}" class="ai-icon" aria-expanded="false">
							<i class="flaticon-381-settings-2"></i>
							<span class="nav-text">Configuración</span>
						</a>
					</li>
                    <li><a class="has-arrow ai-icon" href="javascript:void()" aria-expanded="false">
                        <i class="flaticon-381-notepad"></i>
                        <span class="nav-text">Formularios</span>
                    </a>
                    <ul aria-expanded="false">
                        <li><a th:href="@{/actividad/formA}">Actividad</a></li>
                        <li><a th:href="@{/bitacora/formB}">Bitácora</a></li>
                        <li><a th:href="@{/cargo/formC}">Cargo</a></li>
                        <li><a th:href="@{/categoria/formCT}">Catégoria</a></li>
                        <li><a th:href="@{/empleado/formE}">Empleado</a></li>
                        <li><a th:href="@{/implemento/formI}">Implemento</a></li>
                    </ul>
                </li>
                <li><a class="has-arrow ai-icon" href="javascript:void()" aria-expanded="false">
                        <i class="flaticon-381-network"></i>
                        <span class="nav-text">Tablas</span>
                    </a>
                    <ul aria-expanded="false">
                        <li><a th:href="@{/actividad/tablaA}">Actividad</a></li>
                        <li><a th:href="@{/bitacora/tablaB}">Bitácora</a></li>
                        <li><a th:href="@{/cargo/tablaC}">Cargo</a></li>
                        <li><a th:href="@{/categoria/tablaCT}">Catégoria</a></li>
                        <li><a th:href="@{/empleado/tablaE}">Empleado</a></li>
                        <li><a th:href="@{/implemento/tablaI}">Implemento</a></li>
                    </ul>
                </li>
            </ul>
			</div>
        </div>
        <!--**********************************
            Sidebar end
        ***********************************-->

        <!--**********************************
            Content body start
        ***********************************-->
        <div class="content-body">
            <div class="container-fluid">
                <div class="page-titles">
					<ol class="breadcrumb">
						<li class="breadcrumb-item"><a href="javascript:void(0)">Table</a></li>
						<li class="breadcrumb-item active"><a href="javascript:void(0)">Bitácora</a></li>
					</ol>
                </div>
                <!-- row -->


                <div class="row">
					<div class="col-12">
                        <div class="card">
                            <div class="card-header">
                                <h4 class="card-title">Listado Registros Bitácora</h4>
                            </div>
                            <div class="card-body">
                                <div class="table-responsive">
                                    <table id="example3" class="display min-w850">
                                        <thead>
                                            <tr>
                                                <th>Id</th>
                                                <th>Observación</th>
                                                <th>Cantidad Implementos Usados</th>
                                                <th>Fecha</th>
                                                <th>Id Catégoria</th>
                                                <th>Tipo Catégoria</th>
                                                <th>Id Implemento</th>
                                                <th>Tipo Implemento</th>
                                                <th>Estado</th>
                                                <th>Acciones</th>
                                            </tr>
                                        </thead>
                                        
                                        <tbody>
                                            <tr th:if="${bitacoras.size()>0}" th:each="b:${bitacoras}">
                                                <td th:text="${b.id}"></td>
                                                <td th:text="${b.observacionesBitacora}"></td>
                                                <td th:text="${b.cantidadImplementosUsados}"></td>
                                                <td th:text="${b.fechaBitacora}"></td>
                                                <td th:text="${b.Actividad.id"></td>
                                                <td th:text="${b.Actividad.tipoActividad}"></td>
                                                <td th:text="${b.Implemento.id}"></td>
                                                <td>
                                                    <p th:each="i:${b.Implemento}" th:text="${i.nombreImplemento}"></p>
                                                </td>
                                                <td th:text="${b.estadoBitacora}"></td>
                                                
                                                <!--BOTONES ACCIONES-->
                                                <td>
													<div class="d-flex">
                                                        <!--EDITAR-->
														<a role="button" th:href="@{/bitacora/actualizarB/} + ${b.id}" class="btn btn-primary shadow btn-xs sharp mr-1"><i class="fa fa-pencil"></i></a>
														<!--ELIMINAR-->
                                                        <a role="button" th:href="@{/bitacora/delete/} + ${b.id}" onclick="return confirm('¿Estas seguro de eliminar la Bitacora?');" class="btn btn-danger shadow btn-xs sharp"><i class="fa fa-trash"></i></a>
													</div>												
												</td>	
                                            </tr>
                                            
                                        </tbody>
                                    </table>
                                </div>
                            </div>
                        </div>
                    </div>
				</div>
            </div>
        </div>
        <!--**********************************
            Content body end
        ***********************************-->


        <!--**********************************
            Footer start
        ***********************************-->
        <div class="footer">
            <div class="copyright">
                <p>Copyright &copy; 2022 - Derechos Reservados - LogBlog</p>
			</div>
        </div>
        <!--**********************************
            Footer end
        ***********************************-->

        <!--**********************************
           Support ticket button start
        ***********************************-->

        <!--**********************************
           Support ticket button end
        ***********************************-->

        
    </div>
    <!--**********************************
        Main wrapper end
    ***********************************-->

    <!--**********************************
        Scripts
    ***********************************-->
    <!-- Required vendors -->
    <script th:src="@{vendor/global/global.min.js}"></script>
	<script th:src="@{vendor/bootstrap-select/dist/js/bootstrap-select.min.js}"></script>
    <script th:src="@{js/custom2.js}"></script>
	<script th:src="@{js/deznav-init.js}"></script>
	
    <!-- Datatable -->
    <script th:src="@{vendor/datatables/js/jquery.dataTables.min.js}"></script>
    <script th:src="@{js/plugins-init/datatables.init.js}"></script>

</body>
</html>