<!DOCTYPE html>
<html xmlns:th="https://www.thymeleaf.org" lang="es">
<head>
    <meta charset="UTF-8">
    <meta http-equiv="X-UA-Compatible" content="IE=edge">
    <meta name="viewport" content="width=device-width, initial-scale=1.0">
    <title>INDEX</title>
    <link href="https://cdn.jsdelivr.net/npm/bootstrap@5.2.1/dist/css/bootstrap.min.css" rel="stylesheet" integrity="sha384-iYQeCzEYFbKjA/T2uDLTpkwGzCiq6soy8tYaI1GyVh/UjpbCx/TYkiZhlZB6+fzT" crossorigin="anonymous">
    <script src="https://kit.fontawesome.com/b72f550c62.js" crossorigin="anonymous"></script>
    <link rel="stylesheet" th:href="@{../assets/css/index.css}">
</head>
<body>

    <nav class="navbar navbar-expand-lg">
        <div class="logo">
          <img src="../../../static/assets/img/logo/goldenhorizontal.png">
        </div>

        <div class="collapse navbar-collapse" id="navbarSupportedContent">
            <ul class="navbar-nav mr-auto">
              <li class="nav-item active">
                <a class="nav-link" href="#">Home</a>
              </li>
              <li class="nav-item">
                <a class="nav-link" href="#">Link</a>
              </li>
            </ul>
        </div>
    </nav>

    <h1>GOLDEN LIONS</h1>

    <div class="contenedori">
        <div class="dropdown mb-3">
            
            <div class="btn btn-primary" href="#" role="button">
                <a th:href="@{/actividad/form}" class="dropdown-item">FORMULARIO ACTIVIDAD</a>

                <br>

                <a th:href="@{/actividad/listas}" class="dropdown-item">BITACORA ACTIVIDAD</a>
            </div>            
        </div>
    </div>

    <br>

    <div class="contenedori">
        <div class="dropdown mb-3">
            
            <div class="btn btn-primary" href="#" role="button">
                <a th:href="@{/bitacora/form}" class="dropdown-item">FORMULARIO BITACORA</a>

                <br>

                <a th:href="@{/bitacora/listas}" class="dropdown-item">BITACORA</a>
            </div>            
        </div>
    </div>

    <br>
    
    <div class="contenedori">
        <div class="dropdown mb-3">
            
            <div class="btn btn-primary" href="#" role="button">
                <a th:href="@{/cargo/form}" class="dropdown-item">FORMULARIO CARGO</a>

                <br>

                <a th:href="@{/cargo/listas}" class="dropdown-item">BITACORA CARGO</a>
            </div>            
        </div>
    </div>

    <br>

    <div class="contenedori">
        <div class="dropdown mb-3">
            
            <div class="btn btn-primary" href="#" role="button">
                <a th:href="@{/categoria/form}" class="dropdown-item">FORMULARIO CATEGORIA</a>

                <br>

                <a th:href="@{/categoria/listas}" class="dropdown-item">BITACORA CATEGORIA</a>
            </div>            
        </div>
    </div>

    <br>

    <div class="contenedori">
        <div class="dropdown mb-3">
            
            <div class="btn btn-primary" href="#" role="button">
                <a th:href="@{/empleado/form}" class="dropdown-item">FORMULARIO EMPLEADO</a>

                <br>

                <a th:href="@{/empleado/listas}" class="dropdown-item">BITACORA EMPLEADO</a>
            </div>            
        </div>
    </div> 

    <br>

    <div class="contenedori">
        <div class="dropdown mb-3">
            
            <div class="btn btn-primary" href="#" role="button">
                <a th:href="@{/implemento/form}" class="dropdown-item">FORMULARIO IMPLEMENTO</a>

                <br>

                <a th:href="@{/implemento/listas}" class="dropdown-item">BITACORA IMPLEMENTO</a>
            </div>            
        </div>
    </div>

    <br>

    <div class="contenedori">
        <div class="dropdown mb-3">
            <div type="button" class="btn btn-outline-primary">
                <a th:href="@{/login}">LOGIN</a>
            </div>            
        </div>
    </div>

    <footer>
        <div>
            <h4 class="redess">Redes</h4>
            <p class="redess"><i class="fa-brands fa-instagram"></i> Goldenlions_2021</p>
            <p class="redess"><i class="fa-brands fa-square-facebook"></i> Golden_Lions</p>
        </div>
        
        <div>
            <h4 class="redess">Contactos</h4>
            <p class="redess"><i class="fa-solid fa-phone"></i> 30215187</p>
            <p class="redess"><i class="fa-solid fa-phone"></i> 3589212</p>
        </div>

        <div>
            <h4 class="redess">Ubicaci√≥n</h4>
            <p class="redess"><i class="fa-solid fa-location-dot"></i> Santa Maria del Lago</p>
            <p class="redess"> Cl. 73 A 74a 1</p>
        </div>
    </footer>


</body>
</html>