<!DOCTYPE html>
<html lang="en" >
<head>
  <meta charset="UTF-8">
  <title>Login Golden Lions</title>
  <link rel="shortcut icon" type="image/icon" href="assets/img/logo/leon.png"/>   
  <link href='https://fonts.googleapis.com/css?family=Open+Sans:400,700' rel='stylesheet' type='text/css'>
  <!--font-awesome.min.css-->
  <link rel="stylesheet" href="assets/css/font-awesome.min.css">
  <link rel="stylesheet" href="https://cdnjs.cloudflare.com/ajax/libs/normalize/5.0.0/normalize.min.css">
  <link rel="stylesheet" href="assets/css/Login.css">
  <script src="https://cdnjs.cloudflare.com/ajax/libs/prefixfree/1.0.7/prefixfree.min.js"></script>
  <!----SWEETALERT---->
  <script src="sweetalert2.all.min.js"></script>
  <link rel="stylesheet" href="sweetalert2.min.css">
</head>
      <body>
      <!-- partial:index.partial.html -->
      <div class="wrapper">
        <form class="login">
          
          <img src="assets/img/logo/golden_logo_negro-removebg-preview.png" class="logologin">
          
          <p class="titlee">Inicio Sesión</p>
          
          <input type="email" placeholder="Usuario o Correo Electronico" autofocus required pattern="[A-Za-z0-9]+"/>
            <i class="fa fa-user"></i>
          <input type="password" placeholder="Contraseña" required/>
          
          <i class="fa fa-key"></i>
          
          <a href="#">Olvido su contraseña?</a>
          
          <button>
            <i class="spinner"></i>
            <span class="state">Ingresar</span>
          </button>
        </form>
        
        <footer></footer>
      </div>
      <!-- partial -->
      <script src='//cdnjs.cloudflare.com/ajax/libs/jquery/2.1.3/jquery.min.js'></script><script  src="./script.js"></script>
</body>
</html>